// Jest Snapshot v1, https://goo.gl/fbAQLP

exports[`App compare to snapshot 1`] = `
<App>
  <div>
    <Header>
      <header
        data-offset-top="100"
        data-spy="affix"
      >
        <div
          className="container clearfix"
        >
          <img
            alt="logo"
            id="logo"
            src="HeaderLogo.png"
          />
          <nav>
            <Scrollchor
              to="#landingPage"
            >
              <a
                href="#landingPage"
                onClick={[Function]}
              >
                Home
              </a>
            </Scrollchor>
            <Scrollchor
              to="#profile"
            >
              <a
                href="#profile"
                onClick={[Function]}
              >
                Profile
              </a>
            </Scrollchor>
          </nav>
        </div>
      </header>
    </Header>
    <LandingPage>
      <div
        id="landingPage"
      >
        <LandingPageTyping>
          <div
            className="row"
          >
            <Typist
              avgTypingDelay={100}
              className="col-xs-2 col-sm-offset-4 typing-top landing-typing"
              cursor={
                Object {
                  "hideWhenDone": true,
                  "hideWhenDoneDelay": 0,
                }
              }
              delayGenerator={[Function]}
              onCharacterTyped={[Function]}
              onLineTyped={[Function]}
              onTypingDone={[Function]}
              startDelay={0}
              stdTypingDelay={25}
            >
              <div
                className="Typist col-xs-2 col-sm-offset-4 typing-top landing-typing"
              >
                <Cursor
                  blink={true}
                  element="|"
                  hideWhenDone={true}
                  hideWhenDoneDelay={0}
                  isDone={false}
                  show={true}
                >
                  <span
                    className="Cursor Cursor--blinking"
                  >
                    |
                  </span>
                </Cursor>
              </div>
            </Typist>
          </div>
        </LandingPageTyping>
        <video
          autoPlay={true}
          loop={true}
          muted={true}
        >
          <source
            src="LandingVideo.mp4"
            type="video/mp4"
          />
          <source
            src="LandingVideo.webm"
            type="video/webm"
          />
          <source
            src="LandingVideo.ogv"
            type="video/ogv"
          />
          <img
            alt="Video Background"
            src="LandingVideoSnapshot.jpg"
          />
        </video>
        <div
          className="scrollDownButton"
          id="scrollButton"
        >
          <Scrollchor
            to="#profile"
          >
            <a
              href="#profile"
              onClick={[Function]}
            >
              <span />
              Scroll
            </a>
          </Scrollchor>
        </div>
      </div>
    </LandingPage>
    <Profile>
      <div
        id="profile"
      >
        <div
          className="col-lg-12 spacer"
        />
        <div
          className="col-xs-12 col-sm-12 col-md-12 col-lg-12"
        >
          <ProfileTitleSection>
            <div
              className="row col-lg-12 text-center"
            >
              <ScrollAnimation
                animateIn="fadeInLeft"
                animateOnce={true}
                delay={0}
                duration={1}
                initiallyVisible={false}
                offset={50}
              >
                <div
                  className="animated"
                  style={
                    Object {
                      "animationDuration": "1s",
                      "opacity": 0,
                    }
                  }
                >
                  <div
                    className="profileTitle"
                  >
                    PROFILE
                  </div>
                </div>
              </ScrollAnimation>
              <ScrollAnimation
                animateIn="fadeInLeft"
                animateOnce={true}
                delay={500}
                duration={1}
                initiallyVisible={false}
                offset={150}
              >
                <div
                  className="animated"
                  style={
                    Object {
                      "animationDuration": "1s",
                      "opacity": 0,
                    }
                  }
                >
                  <div>
                    <hr />
                  </div>
                </div>
              </ScrollAnimation>
              <br />
              <br />
              <div
                className="container"
              >
                <div
                  className="row col-lg-12"
                >
                  <div
                    className="col-xs-6 col-sm-offset-2 col-sm-2"
                  >
                    <ScrollAnimation
                      animateIn="fadeIn"
                      animateOnce={true}
                      delay={300}
                      duration={1}
                      initiallyVisible={false}
                      offset={150}
                    >
                      <div
                        className="animated"
                        style={
                          Object {
                            "animationDuration": "1s",
                            "opacity": 0,
                          }
                        }
                      >
                        <div
                          className="propertyTitle"
                        >
                          Design.
                        </div>
                      </div>
                    </ScrollAnimation>
                  </div>
                  <div
                    className="col-xs-6 col-sm-2"
                  >
                    <ScrollAnimation
                      animateIn="fadeIn"
                      animateOnce={true}
                      delay={500}
                      duration={1}
                      initiallyVisible={false}
                      offset={150}
                    >
                      <div
                        className="animated"
                        style={
                          Object {
                            "animationDuration": "1s",
                            "opacity": 0,
                          }
                        }
                      >
                        <div
                          className="propertyTitle"
                        >
                          Delivery.
                        </div>
                      </div>
                    </ScrollAnimation>
                  </div>
                  <div
                    className="col-xs-6 col-sm-2"
                  >
                    <ScrollAnimation
                      animateIn="fadeIn"
                      animateOnce={true}
                      delay={700}
                      duration={1}
                      initiallyVisible={false}
                      offset={150}
                    >
                      <div
                        className="animated"
                        style={
                          Object {
                            "animationDuration": "1s",
                            "opacity": 0,
                          }
                        }
                      >
                        <div
                          className="propertyTitle"
                        >
                          Back-end.
                        </div>
                      </div>
                    </ScrollAnimation>
                  </div>
                  <div
                    className="col-xs-6 col-sm-2"
                  >
                    <ScrollAnimation
                      animateIn="fadeIn"
                      animateOnce={true}
                      delay={900}
                      duration={1}
                      initiallyVisible={false}
                      offset={150}
                    >
                      <div
                        className="animated"
                        style={
                          Object {
                            "animationDuration": "1s",
                            "opacity": 0,
                          }
                        }
                      >
                        <div
                          className="propertyTitle"
                        >
                          Front-end.
                        </div>
                      </div>
                    </ScrollAnimation>
                  </div>
                </div>
              </div>
            </div>
          </ProfileTitleSection>
          <ProfileShieldSection>
            <div
              className="row col-lg-12 text-center"
            >
              <br />
              <br />
              <div
                className="container"
              >
                <div
                  className="row col-lg-12"
                >
                  <div
                    className="col-sm-6 col-md-3"
                  >
                    <ScrollAnimation
                      animateIn="flipInY"
                      animateOnce={true}
                      delay={250}
                      duration={1}
                      initiallyVisible={false}
                      offset={150}
                    >
                      <div
                        className="animated"
                        style={
                          Object {
                            "animationDuration": "1s",
                            "opacity": 0,
                          }
                        }
                      >
                        <div
                          className="col-xs-12 img-responsive"
                        >
                          <span
                            className="shield"
                          >
                            <Speedometer
                              size={85}
                            >
                              <svg
                                style={
                                  Object {
                                    "height": 85,
                                    "width": 85,
                                  }
                                }
                                viewBox="0 0 24 24"
                              >
                                <path
                                  d="M12,16A3,3 0 0,1 9,13C9,11.88 9.61,10.9 10.5,10.39L20.21,4.77L14.68,14.35C14.18,15.33 13.17,16 12,16M12,3C13.81,3 15.5,3.5 16.97,4.32L14.87,5.53C14,5.19 13,5 12,5A8,8 0 0,0 4,13C4,15.21 4.89,17.21 6.34,18.65H6.35C6.74,19.04 6.74,19.67 6.35,20.06C5.96,20.45 5.32,20.45 4.93,20.07V20.07C3.12,18.26 2,15.76 2,13A10,10 0 0,1 12,3M22,13C22,15.76 20.88,18.26 19.07,20.07V20.07C18.68,20.45 18.05,20.45 17.66,20.06C17.27,19.67 17.27,19.04 17.66,18.65V18.65C19.11,17.2 20,15.21 20,13C20,12 19.81,11 19.46,10.1L20.67,8C21.5,9.5 22,11.18 22,13Z"
                                />
                              </svg>
                            </Speedometer>
                          </span>
                        </div>
                      </div>
                    </ScrollAnimation>
                    <ScrollAnimation
                      animateIn="fadeIn"
                      animateOnce={true}
                      delay={0}
                      duration={1}
                      initiallyVisible={false}
                      offset={150}
                    >
                      <div
                        className="animated"
                        style={
                          Object {
                            "animationDuration": "1s",
                            "opacity": 0,
                          }
                        }
                      >
                        <h4
                          className="propertyTitle"
                        >
                          Fast
                        </h4>
                        <p
                          className="propertyText"
                        >
                          Swift processing, cloud friendly horizontal scalability and lag free interactions are my priority.
                        </p>
                      </div>
                    </ScrollAnimation>
                  </div>
                  <div
                    className="col-xs-6 col-md-3"
                  >
                    <ScrollAnimation
                      animateIn="flipInY"
                      animateOnce={true}
                      delay={500}
                      duration={1}
                      initiallyVisible={false}
                      offset={150}
                    >
                      <div
                        className="animated"
                        style={
                          Object {
                            "animationDuration": "1s",
                            "opacity": 0,
                          }
                        }
                      >
                        <div
                          className="col-xs-12 img-responsive"
                        >
                          <span
                            className="shield"
                          >
                            <Lightbulb
                              size={85}
                            >
                              <svg
                                style={
                                  Object {
                                    "height": 85,
                                    "width": 85,
                                  }
                                }
                                viewBox="0 0 24 24"
                              >
                                <path
                                  d="M12,2A7,7 0 0,0 5,9C5,11.38 6.19,13.47 8,14.74V17A1,1 0 0,0 9,18H15A1,1 0 0,0 16,17V14.74C17.81,13.47 19,11.38 19,9A7,7 0 0,0 12,2M9,21A1,1 0 0,0 10,22H14A1,1 0 0,0 15,21V20H9V21Z"
                                />
                              </svg>
                            </Lightbulb>
                          </span>
                        </div>
                      </div>
                    </ScrollAnimation>
                    <ScrollAnimation
                      animateIn="fadeIn"
                      animateOnce={true}
                      delay={500}
                      duration={1}
                      initiallyVisible={false}
                      offset={150}
                    >
                      <div
                        className="animated"
                        style={
                          Object {
                            "animationDuration": "1s",
                            "opacity": 0,
                          }
                        }
                      >
                        <h4
                          className="propertyTitle"
                        >
                          Ideas
                        </h4>
                        <p
                          className="propertyText"
                        >
                          Exposure to plethora of products and methodologies enable me to bring alternative solutions.
                        </p>
                      </div>
                    </ScrollAnimation>
                  </div>
                  <div
                    className="col-xs-6 col-md-3"
                  >
                    <ScrollAnimation
                      animateIn="flipInY"
                      animateOnce={true}
                      delay={750}
                      duration={1}
                      initiallyVisible={false}
                      offset={150}
                    >
                      <div
                        className="animated"
                        style={
                          Object {
                            "animationDuration": "1s",
                            "opacity": 0,
                          }
                        }
                      >
                        <div
                          className="col-xs-12 img-responsive"
                        >
                          <span
                            className="shield"
                          >
                            <Rotate3d
                              size={85}
                            >
                              <svg
                                style={
                                  Object {
                                    "height": 85,
                                    "width": 85,
                                  }
                                }
                                viewBox="0 0 24 24"
                              >
                                <path
                                  d="M12,5C16.97,5 21,7.69 21,11C21,12.68 19.96,14.2 18.29,15.29C19.36,14.42 20,13.32 20,12.13C20,9.29 16.42,7 12,7V10L8,6L12,2V5M12,19C7.03,19 3,16.31 3,13C3,11.32 4.04,9.8 5.71,8.71C4.64,9.58 4,10.68 4,11.88C4,14.71 7.58,17 12,17V14L16,18L12,22V19Z"
                                />
                              </svg>
                            </Rotate3d>
                          </span>
                        </div>
                      </div>
                    </ScrollAnimation>
                    <ScrollAnimation
                      animateIn="fadeIn"
                      animateOnce={true}
                      delay={750}
                      duration={1}
                      initiallyVisible={false}
                      offset={150}
                    >
                      <div
                        className="animated"
                        style={
                          Object {
                            "animationDuration": "1s",
                            "opacity": 0,
                          }
                        }
                      >
                        <h4
                          className="propertyTitle"
                        >
                          Collaboration
                        </h4>
                        <p
                          className="propertyText"
                        >
                          I discuss with stakeholders to nurture and transform ideas into well thought out design specs.
                        </p>
                      </div>
                    </ScrollAnimation>
                  </div>
                  <div
                    className="col-xs-6 col-md-3"
                  >
                    <ScrollAnimation
                      animateIn="flipInY"
                      animateOnce={true}
                      delay={1000}
                      duration={1}
                      initiallyVisible={false}
                      offset={150}
                    >
                      <div
                        className="animated"
                        style={
                          Object {
                            "animationDuration": "1s",
                            "opacity": 0,
                          }
                        }
                      >
                        <div
                          className="col-xs-12 img-responsive"
                        >
                          <span
                            className="shield"
                          >
                            <Xml
                              size={85}
                            >
                              <svg
                                style={
                                  Object {
                                    "height": 85,
                                    "width": 85,
                                  }
                                }
                                viewBox="0 0 24 24"
                              >
                                <path
                                  d="M12.89,3L14.85,3.4L11.11,21L9.15,20.6L12.89,3M19.59,12L16,8.41V5.58L22.42,12L16,18.41V15.58L19.59,12M1.58,12L8,5.58V8.41L4.41,12L8,15.58V18.41L1.58,12Z"
                                />
                              </svg>
                            </Xml>
                          </span>
                        </div>
                      </div>
                    </ScrollAnimation>
                    <ScrollAnimation
                      animateIn="fadeIn"
                      animateOnce={true}
                      delay={1000}
                      duration={1}
                      initiallyVisible={false}
                      offset={150}
                    >
                      <div
                        className="animated"
                        style={
                          Object {
                            "animationDuration": "1s",
                            "opacity": 0,
                          }
                        }
                      >
                        <h4
                          className="propertyTitle"
                        >
                          Code
                        </h4>
                        <p
                          className="propertyText"
                        >
                          Strong believer of TDD and design patterns can swiftly iterate on products.
                        </p>
                      </div>
                    </ScrollAnimation>
                  </div>
                </div>
              </div>
            </div>
          </ProfileShieldSection>
          <div
            className="row col-lg-12 text-center"
          >
            <div
              className="container"
            >
              <div
                className="row col-lg-12"
              >
                <div
                  className="col-lg-12 spacer"
                />
                <ProfileAvatarSection>
                  <div
                    className="col-xs-6 col-lg-6"
                  >
                    <ScrollAnimation
                      animateIn="fadeInLeft"
                      animateOnce={true}
                      delay={0}
                      duration={1}
                      initiallyVisible={false}
                      offset={50}
                    >
                      <div
                        className="animated"
                        style={
                          Object {
                            "animationDuration": "1s",
                            "opacity": 0,
                          }
                        }
                      >
                        <img
                          alt="Avatar"
                          className="cropShield"
                          src="Avatar.png"
                        />
                        <p
                          className="avatarText"
                        >
                          I am afire with desire to sire cloud native fullstack systems.
                          <br />
                          Experienced in delivering systems to companies ranging from investment banks to small startups.
                          <br />
                          <Scrollchor
                            to="#contact"
                          >
                            <a
                              href="#contact"
                              onClick={[Function]}
                            >
                              <span />
                              Let's make your dream come true.
                            </a>
                          </Scrollchor>
                        </p>
                      </div>
                    </ScrollAnimation>
                  </div>
                </ProfileAvatarSection>
                <ProfileSkillSection>
                  <div
                    className="col-xs-6 col-lg-6"
                  >
                    <ScrollAnimation
                      animateIn="fadeInRight"
                      animateOnce={true}
                      delay={0}
                      duration={1}
                      initiallyVisible={false}
                      offset={450}
                    >
                      <div
                        className="animated"
                        style={
                          Object {
                            "animationDuration": "1s",
                            "opacity": 0,
                          }
                        }
                      >
                        <t
                          animationDelay={1000}
                          animationDuration={3000}
                          colors={
                            Object {
                              "bar": "#3498db",
                              "title": Object {
                                "background": "#2980b9",
                                "text": "#fff",
                              },
                            }
                          }
                          height={28}
                          offset={0}
                          skills={
                            Array [
                              Object {
                                "level": 86,
                                "type": "Java",
                              },
                              Object {
                                "level": 78,
                                "type": "Javascript",
                              },
                              Object {
                                "level": 75,
                                "type": "Spring",
                              },
                              Object {
                                "level": 75,
                                "type": "AWS",
                              },
                              Object {
                                "level": 70,
                                "type": "Python",
                              },
                              Object {
                                "level": 66,
                                "type": "ReactJS",
                              },
                              Object {
                                "level": 70,
                                "type": "Docker",
                              },
                              Object {
                                "level": 60,
                                "type": "ELK",
                              },
                              Object {
                                "level": 57,
                                "type": "NoSQL",
                              },
                              Object {
                                "level": 50,
                                "type": "C#",
                              },
                            ]
                          }
                        >
                          <div>
                            <div
                              className="skillbar"
                              key="Java"
                              style={
                                Object {
                                  "height": "28px",
                                  "lineHeight": "28px",
                                }
                              }
                            >
                              <div
                                className="skillbar-title"
                                style={
                                  Object {
                                    "background": "#2980b9",
                                    "color": "#fff",
                                  }
                                }
                              >
                                <span>
                                  Java
                                </span>
                              </div>
                              <div
                                className="skillbar-bar collapsed"
                                style={
                                  Object {
                                    "background": "#3498db",
                                    "transition": "width 3000ms ease-in-out",
                                    "width": "calc((100% - 110px) * (86 * 0.01))",
                                  }
                                }
                              />
                              <div
                                className="skillbar-percent"
                              >
                                86
                                %
                              </div>
                            </div>
                            <div
                              className="skillbar"
                              key="Javascript"
                              style={
                                Object {
                                  "height": "28px",
                                  "lineHeight": "28px",
                                }
                              }
                            >
                              <div
                                className="skillbar-title"
                                style={
                                  Object {
                                    "background": "#2980b9",
                                    "color": "#fff",
                                  }
                                }
                              >
                                <span>
                                  Javascript
                                </span>
                              </div>
                              <div
                                className="skillbar-bar collapsed"
                                style={
                                  Object {
                                    "background": "#3498db",
                                    "transition": "width 3000ms ease-in-out",
                                    "width": "calc((100% - 110px) * (78 * 0.01))",
                                  }
                                }
                              />
                              <div
                                className="skillbar-percent"
                              >
                                78
                                %
                              </div>
                            </div>
                            <div
                              className="skillbar"
                              key="Spring"
                              style={
                                Object {
                                  "height": "28px",
                                  "lineHeight": "28px",
                                }
                              }
                            >
                              <div
                                className="skillbar-title"
                                style={
                                  Object {
                                    "background": "#2980b9",
                                    "color": "#fff",
                                  }
                                }
                              >
                                <span>
                                  Spring
                                </span>
                              </div>
                              <div
                                className="skillbar-bar collapsed"
                                style={
                                  Object {
                                    "background": "#3498db",
                                    "transition": "width 3000ms ease-in-out",
                                    "width": "calc((100% - 110px) * (75 * 0.01))",
                                  }
                                }
                              />
                              <div
                                className="skillbar-percent"
                              >
                                75
                                %
                              </div>
                            </div>
                            <div
                              className="skillbar"
                              key="AWS"
                              style={
                                Object {
                                  "height": "28px",
                                  "lineHeight": "28px",
                                }
                              }
                            >
                              <div
                                className="skillbar-title"
                                style={
                                  Object {
                                    "background": "#2980b9",
                                    "color": "#fff",
                                  }
                                }
                              >
                                <span>
                                  AWS
                                </span>
                              </div>
                              <div
                                className="skillbar-bar collapsed"
                                style={
                                  Object {
                                    "background": "#3498db",
                                    "transition": "width 3000ms ease-in-out",
                                    "width": "calc((100% - 110px) * (75 * 0.01))",
                                  }
                                }
                              />
                              <div
                                className="skillbar-percent"
                              >
                                75
                                %
                              </div>
                            </div>
                            <div
                              className="skillbar"
                              key="Python"
                              style={
                                Object {
                                  "height": "28px",
                                  "lineHeight": "28px",
                                }
                              }
                            >
                              <div
                                className="skillbar-title"
                                style={
                                  Object {
                                    "background": "#2980b9",
                                    "color": "#fff",
                                  }
                                }
                              >
                                <span>
                                  Python
                                </span>
                              </div>
                              <div
                                className="skillbar-bar collapsed"
                                style={
                                  Object {
                                    "background": "#3498db",
                                    "transition": "width 3000ms ease-in-out",
                                    "width": "calc((100% - 110px) * (70 * 0.01))",
                                  }
                                }
                              />
                              <div
                                className="skillbar-percent"
                              >
                                70
                                %
                              </div>
                            </div>
                            <div
                              className="skillbar"
                              key="ReactJS"
                              style={
                                Object {
                                  "height": "28px",
                                  "lineHeight": "28px",
                                }
                              }
                            >
                              <div
                                className="skillbar-title"
                                style={
                                  Object {
                                    "background": "#2980b9",
                                    "color": "#fff",
                                  }
                                }
                              >
                                <span>
                                  ReactJS
                                </span>
                              </div>
                              <div
                                className="skillbar-bar collapsed"
                                style={
                                  Object {
                                    "background": "#3498db",
                                    "transition": "width 3000ms ease-in-out",
                                    "width": "calc((100% - 110px) * (66 * 0.01))",
                                  }
                                }
                              />
                              <div
                                className="skillbar-percent"
                              >
                                66
                                %
                              </div>
                            </div>
                            <div
                              className="skillbar"
                              key="Docker"
                              style={
                                Object {
                                  "height": "28px",
                                  "lineHeight": "28px",
                                }
                              }
                            >
                              <div
                                className="skillbar-title"
                                style={
                                  Object {
                                    "background": "#2980b9",
                                    "color": "#fff",
                                  }
                                }
                              >
                                <span>
                                  Docker
                                </span>
                              </div>
                              <div
                                className="skillbar-bar collapsed"
                                style={
                                  Object {
                                    "background": "#3498db",
                                    "transition": "width 3000ms ease-in-out",
                                    "width": "calc((100% - 110px) * (70 * 0.01))",
                                  }
                                }
                              />
                              <div
                                className="skillbar-percent"
                              >
                                70
                                %
                              </div>
                            </div>
                            <div
                              className="skillbar"
                              key="ELK"
                              style={
                                Object {
                                  "height": "28px",
                                  "lineHeight": "28px",
                                }
                              }
                            >
                              <div
                                className="skillbar-title"
                                style={
                                  Object {
                                    "background": "#2980b9",
                                    "color": "#fff",
                                  }
                                }
                              >
                                <span>
                                  ELK
                                </span>
                              </div>
                              <div
                                className="skillbar-bar collapsed"
                                style={
                                  Object {
                                    "background": "#3498db",
                                    "transition": "width 3000ms ease-in-out",
                                    "width": "calc((100% - 110px) * (60 * 0.01))",
                                  }
                                }
                              />
                              <div
                                className="skillbar-percent"
                              >
                                60
                                %
                              </div>
                            </div>
                            <div
                              className="skillbar"
                              key="NoSQL"
                              style={
                                Object {
                                  "height": "28px",
                                  "lineHeight": "28px",
                                }
                              }
                            >
                              <div
                                className="skillbar-title"
                                style={
                                  Object {
                                    "background": "#2980b9",
                                    "color": "#fff",
                                  }
                                }
                              >
                                <span>
                                  NoSQL
                                </span>
                              </div>
                              <div
                                className="skillbar-bar collapsed"
                                style={
                                  Object {
                                    "background": "#3498db",
                                    "transition": "width 3000ms ease-in-out",
                                    "width": "calc((100% - 110px) * (57 * 0.01))",
                                  }
                                }
                              />
                              <div
                                className="skillbar-percent"
                              >
                                57
                                %
                              </div>
                            </div>
                            <div
                              className="skillbar"
                              key="C#"
                              style={
                                Object {
                                  "height": "28px",
                                  "lineHeight": "28px",
                                }
                              }
                            >
                              <div
                                className="skillbar-title"
                                style={
                                  Object {
                                    "background": "#2980b9",
                                    "color": "#fff",
                                  }
                                }
                              >
                                <span>
                                  C#
                                </span>
                              </div>
                              <div
                                className="skillbar-bar collapsed"
                                style={
                                  Object {
                                    "background": "#3498db",
                                    "transition": "width 3000ms ease-in-out",
                                    "width": "calc((100% - 110px) * (50 * 0.01))",
                                  }
                                }
                              />
                              <div
                                className="skillbar-percent"
                              >
                                50
                                %
                              </div>
                            </div>
                          </div>
                        </t>
                      </div>
                    </ScrollAnimation>
                  </div>
                </ProfileSkillSection>
              </div>
            </div>
          </div>
        </div>
      </div>
    </Profile>
    <WIP>
      <div>
        <div
          id="main"
        >
          <div
            id="content"
          >
            <section>
              <div
                className="container"
              >
                <h1
                  style={
                    Object {
                      "textAlign": "center",
                    }
                  }
                >
                  WORK IN PROGRESS
                </h1>
              </div>
            </section>
          </div>
        </div>
      </div>
    </WIP>
  </div>
</App>
`;
